mode: atomic
github.com/jbrusegaard/hoardio/internal/tui/model.go:66.2,67.1 1 13
github.com/jbrusegaard/hoardio/internal/tui/model.go:70.44,70.63 1 1
github.com/jbrusegaard/hoardio/internal/tui/model.go:74.2,75.1 1 0
github.com/jbrusegaard/hoardio/internal/tui/model.go:79.2,80.1 1 0
github.com/jbrusegaard/hoardio/internal/tui/model.go:83.38,83.64 1 0
github.com/jbrusegaard/hoardio/internal/tui/model.go:91.34,91.46 1 0
github.com/jbrusegaard/hoardio/internal/tui/model.go:95.2,95.27 1 19
github.com/jbrusegaard/hoardio/internal/tui/model.go:97.3,97.44 1 0
github.com/jbrusegaard/hoardio/internal/tui/model.go:99.3,100.48 2 1
github.com/jbrusegaard/hoardio/internal/tui/model.go:102.3,102.27 1 11
github.com/jbrusegaard/hoardio/internal/tui/model.go:104.3,104.65 1 1
github.com/jbrusegaard/hoardio/internal/tui/model.go:106.3,106.26 1 6
github.com/jbrusegaard/hoardio/internal/tui/model.go:109.2,109.15 1 2
github.com/jbrusegaard/hoardio/internal/tui/model.go:113.2,120.1 8 11
github.com/jbrusegaard/hoardio/internal/tui/model.go:121.2,122.1 8 11
github.com/jbrusegaard/hoardio/internal/tui/model.go:125.2,125.22 1 6
github.com/jbrusegaard/hoardio/internal/tui/model.go:127.3,127.21 1 1
github.com/jbrusegaard/hoardio/internal/tui/model.go:129.3,129.27 1 2
github.com/jbrusegaard/hoardio/internal/tui/model.go:131.3,131.13 1 0
github.com/jbrusegaard/hoardio/internal/tui/model.go:133.3,133.12 1 0
github.com/jbrusegaard/hoardio/internal/tui/model.go:135.3,135.13 1 0
github.com/jbrusegaard/hoardio/internal/tui/model.go:137.3,137.11 1 0
github.com/jbrusegaard/hoardio/internal/tui/model.go:139.3,139.17 1 1
github.com/jbrusegaard/hoardio/internal/tui/model.go:141.3,142.21 2 2
github.com/jbrusegaard/hoardio/internal/tui/model.go:145.2,145.15 1 5
github.com/jbrusegaard/hoardio/internal/tui/model.go:149.2,150.1 2 1
github.com/jbrusegaard/hoardio/internal/tui/model.go:151.2,151.19 2 1
github.com/jbrusegaard/hoardio/internal/tui/model.go:152.3,152.19 1 1
github.com/jbrusegaard/hoardio/internal/tui/model.go:153.4,154.1 1 1
github.com/jbrusegaard/hoardio/internal/tui/model.go:155.4,156.1 1 0
github.com/jbrusegaard/hoardio/internal/tui/model.go:159.2,159.20 1 1
github.com/jbrusegaard/hoardio/internal/tui/model.go:162.32,162.65 1 108
github.com/jbrusegaard/hoardio/internal/tui/model.go:165.2,166.1 3 19
github.com/jbrusegaard/hoardio/internal/tui/model.go:167.2,168.17 3 19
github.com/jbrusegaard/hoardio/internal/tui/model.go:169.3,170.1 1 17
github.com/jbrusegaard/hoardio/internal/tui/model.go:171.3,172.1 2 2
github.com/jbrusegaard/hoardio/internal/tui/model.go:173.3,173.30 2 2
github.com/jbrusegaard/hoardio/internal/tui/model.go:174.4,174.13 1 6
github.com/jbrusegaard/hoardio/internal/tui/model.go:175.5,176.1 1 2
github.com/jbrusegaard/hoardio/internal/tui/model.go:180.2,181.61 2 19
github.com/jbrusegaard/hoardio/internal/tui/model.go:185.2,188.1 3 2
github.com/jbrusegaard/hoardio/internal/tui/model.go:191.2,191.25 1 2
github.com/jbrusegaard/hoardio/internal/tui/model.go:192.3,193.1 1 0
github.com/jbrusegaard/hoardio/internal/tui/model.go:195.2,196.16 2 2
github.com/jbrusegaard/hoardio/internal/tui/model.go:197.3,198.1 1 0
github.com/jbrusegaard/hoardio/internal/tui/model.go:200.2,202.20 3 2
github.com/jbrusegaard/hoardio/internal/tui/model.go:206.2,206.22 1 3
github.com/jbrusegaard/hoardio/internal/tui/model.go:207.3,209.1 2 2
github.com/jbrusegaard/hoardio/internal/tui/model.go:212.36,212.63 1 27
github.com/jbrusegaard/hoardio/internal/tui/model.go:215.2,215.26 1 2
github.com/jbrusegaard/hoardio/internal/tui/model.go:216.3,217.1 1 0
github.com/jbrusegaard/hoardio/internal/tui/model.go:219.2,219.42 1 2
github.com/jbrusegaard/hoardio/internal/tui/model.go:220.3,221.1 1 0
github.com/jbrusegaard/hoardio/internal/tui/model.go:226.2,226.9 1 7
github.com/jbrusegaard/hoardio/internal/tui/model.go:228.3,228.26 1 1
github.com/jbrusegaard/hoardio/internal/tui/model.go:230.3,230.63 1 1
github.com/jbrusegaard/hoardio/internal/tui/model.go:232.3,233.17 2 5
github.com/jbrusegaard/hoardio/internal/tui/model.go:234.4,235.1 1 2
github.com/jbrusegaard/hoardio/internal/tui/model.go:237.3,237.11 1 5
github.com/jbrusegaard/hoardio/internal/tui/model.go:242.2,243.22 2 1
github.com/jbrusegaard/hoardio/internal/tui/model.go:244.3,245.1 1 1
github.com/jbrusegaard/hoardio/internal/tui/model.go:247.2,254.1 8 1
github.com/jbrusegaard/hoardio/internal/tui/model.go:255.2,255.19 8 1
github.com/jbrusegaard/hoardio/internal/tui/model.go:259.2,260.27 2 17
github.com/jbrusegaard/hoardio/internal/tui/model.go:261.3,262.1 1 1
github.com/jbrusegaard/hoardio/internal/tui/model.go:264.2,264.63 1 16
github.com/jbrusegaard/hoardio/internal/tui/model.go:268.2,269.28 2 7
github.com/jbrusegaard/hoardio/internal/tui/model.go:270.3,270.28 1 15
github.com/jbrusegaard/hoardio/internal/tui/model.go:271.4,272.1 1 5
github.com/jbrusegaard/hoardio/internal/tui/model.go:275.2,275.16 1 7
github.com/jbrusegaard/hoardio/internal/tui/model.go:280.2,281.17 2 16
github.com/jbrusegaard/hoardio/internal/tui/model.go:282.3,283.1 1 15
github.com/jbrusegaard/hoardio/internal/tui/model.go:285.2,288.1 5 16
github.com/jbrusegaard/hoardio/internal/tui/model.go:289.2,290.15 5 16
github.com/jbrusegaard/hoardio/internal/tui/model.go:291.3,292.1 1 5
github.com/jbrusegaard/hoardio/internal/tui/model.go:294.2,296.1 4 16
github.com/jbrusegaard/hoardio/internal/tui/model.go:297.2,298.14 4 16
github.com/jbrusegaard/hoardio/internal/tui/model.go:299.3,300.1 1 6
github.com/jbrusegaard/hoardio/internal/tui/model.go:302.2,303.15 2 16
github.com/jbrusegaard/hoardio/internal/tui/model.go:304.3,305.1 1 5
github.com/jbrusegaard/hoardio/internal/tui/model.go:307.2,308.14 2 16
github.com/jbrusegaard/hoardio/internal/tui/model.go:309.3,310.1 1 6
github.com/jbrusegaard/hoardio/internal/tui/model.go:312.2,312.12 1 16
github.com/jbrusegaard/hoardio/internal/tui/model.go:316.2,318.1 9 6
github.com/jbrusegaard/hoardio/internal/tui/model.go:319.2,321.1 9 6
github.com/jbrusegaard/hoardio/internal/tui/model.go:322.2,323.1 9 6
github.com/jbrusegaard/hoardio/internal/tui/model.go:324.2,327.1 9 6
github.com/jbrusegaard/hoardio/internal/tui/model.go:328.2,328.32 9 6
github.com/jbrusegaard/hoardio/internal/tui/model.go:329.3,330.1 2 15
github.com/jbrusegaard/hoardio/internal/tui/model.go:331.3,332.1 2 15
github.com/jbrusegaard/hoardio/internal/tui/model.go:334.2,334.32 1 6
github.com/jbrusegaard/hoardio/internal/tui/model.go:335.3,335.26 1 105
github.com/jbrusegaard/hoardio/internal/tui/model.go:336.4,337.1 1 1
github.com/jbrusegaard/hoardio/internal/tui/model.go:338.4,339.1 1 104
github.com/jbrusegaard/hoardio/internal/tui/model.go:342.2,345.1 4 6
github.com/jbrusegaard/hoardio/internal/tui/model.go:346.2,346.19 4 6
github.com/jbrusegaard/hoardio/internal/tui/model.go:350.2,351.28 2 6
github.com/jbrusegaard/hoardio/internal/tui/model.go:352.3,353.1 1 6
github.com/jbrusegaard/hoardio/internal/tui/model.go:355.2,355.52 1 6
github.com/jbrusegaard/hoardio/internal/tui/model.go:359.2,363.1 3 6
github.com/jbrusegaard/hoardio/internal/tui/model.go:365.2,366.25 3 6
github.com/jbrusegaard/hoardio/internal/tui/model.go:367.3,368.1 1 42
github.com/jbrusegaard/hoardio/internal/tui/model.go:370.2,370.53 1 6
github.com/jbrusegaard/hoardio/internal/tui/model.go:374.2,377.25 2 7
github.com/jbrusegaard/hoardio/internal/tui/model.go:378.3,379.1 1 1
github.com/jbrusegaard/hoardio/internal/tui/model.go:381.2,382.1 3 6
github.com/jbrusegaard/hoardio/internal/tui/model.go:383.2,384.13 3 6
github.com/jbrusegaard/hoardio/internal/tui/model.go:385.3,386.1 1 6
github.com/jbrusegaard/hoardio/internal/tui/model.go:388.2,388.79 1 6
github.com/jbrusegaard/hoardio/internal/tui/model.go:392.2,399.1 2 2
github.com/jbrusegaard/hoardio/internal/tui/model.go:401.2,402.1 2 2
github.com/jbrusegaard/hoardio/internal/tui/model.go:405.2,407.1 3 21
github.com/jbrusegaard/hoardio/internal/tui/model.go:408.2,409.1 3 21
github.com/jbrusegaard/hoardio/internal/tui/model.go:414.2,414.9 1 36
github.com/jbrusegaard/hoardio/internal/tui/model.go:416.3,416.18 1 21
github.com/jbrusegaard/hoardio/internal/tui/model.go:418.3,418.19 1 2
github.com/jbrusegaard/hoardio/internal/tui/model.go:420.3,420.19 1 13
github.com/jbrusegaard/hoardio/internal/tui/model.go:425.2,425.35 1 27
github.com/jbrusegaard/hoardio/internal/tui/model.go:426.3,427.1 1 23
github.com/jbrusegaard/hoardio/internal/tui/model.go:429.2,429.11 1 4
github.com/jbrusegaard/hoardio/internal/tui/model.go:431.3,431.40 1 2
github.com/jbrusegaard/hoardio/internal/tui/model.go:432.4,433.1 1 1
github.com/jbrusegaard/hoardio/internal/tui/model.go:435.3,435.12 1 1
github.com/jbrusegaard/hoardio/internal/tui/model.go:438.2,438.40 1 2
github.com/jbrusegaard/hoardio/internal/report/report.go:38.2,40.1 3 8
github.com/jbrusegaard/hoardio/internal/report/report.go:41.2,41.26 3 8
github.com/jbrusegaard/hoardio/internal/report/report.go:42.3,43.49 2 11
github.com/jbrusegaard/hoardio/internal/report/report.go:44.4,44.12 1 0
github.com/jbrusegaard/hoardio/internal/report/report.go:47.3,50.1 5 11
github.com/jbrusegaard/hoardio/internal/report/report.go:51.3,52.30 5 11
github.com/jbrusegaard/hoardio/internal/report/report.go:53.4,54.1 3 16
github.com/jbrusegaard/hoardio/internal/report/report.go:55.4,56.11 3 16
github.com/jbrusegaard/hoardio/internal/report/report.go:57.5,58.18 2 15
github.com/jbrusegaard/hoardio/internal/report/report.go:59.6,60.1 1 4
github.com/jbrusegaard/hoardio/internal/report/report.go:62.5,63.47 2 15
github.com/jbrusegaard/hoardio/internal/report/report.go:66.4,68.15 3 16
github.com/jbrusegaard/hoardio/internal/report/report.go:72.2,73.1 2 8
github.com/jbrusegaard/hoardio/internal/report/report.go:74.2,74.10 2 8
github.com/jbrusegaard/hoardio/internal/report/report.go:78.2,79.31 2 23
github.com/jbrusegaard/hoardio/internal/report/report.go:80.3,81.1 1 15
github.com/jbrusegaard/hoardio/internal/report/report.go:86.2,86.51 1 71
github.com/jbrusegaard/hoardio/internal/report/report.go:87.3,88.1 1 35
github.com/jbrusegaard/hoardio/internal/report/report.go:90.2,90.31 1 71
github.com/jbrusegaard/hoardio/internal/report/report.go:91.3,91.12 1 105
github.com/jbrusegaard/hoardio/internal/report/report.go:92.4,93.1 1 35
github.com/jbrusegaard/hoardio/internal/report/report.go:100.2,100.51 1 3
github.com/jbrusegaard/hoardio/internal/report/report.go:101.3,102.21 2 4
github.com/jbrusegaard/hoardio/internal/report/report.go:103.4,104.1 1 2
github.com/jbrusegaard/hoardio/internal/report/report.go:106.3,106.59 1 2
github.com/jbrusegaard/hoardio/internal/report/report.go:109.2,109.31 1 3
github.com/jbrusegaard/hoardio/internal/report/report.go:110.3,110.12 1 4
github.com/jbrusegaard/hoardio/internal/report/report.go:111.4,112.1 1 2
github.com/jbrusegaard/hoardio/internal/report/report.go:118.2,118.56 1 278
github.com/jbrusegaard/hoardio/internal/report/report.go:119.3,120.1 1 11
github.com/jbrusegaard/hoardio/internal/report/report.go:122.2,122.12 1 267
github.com/jbrusegaard/hoardio/internal/report/report.go:135.2,135.24 1 35
github.com/jbrusegaard/hoardio/internal/report/report.go:136.3,137.1 1 0
github.com/jbrusegaard/hoardio/internal/report/report.go:139.2,139.25 1 35
github.com/jbrusegaard/hoardio/internal/report/report.go:140.3,141.1 1 0
github.com/jbrusegaard/hoardio/internal/report/report.go:143.2,144.1 2 35
github.com/jbrusegaard/hoardio/internal/report/report.go:145.2,145.54 2 35
github.com/jbrusegaard/hoardio/internal/report/report.go:146.3,147.1 1 4
github.com/jbrusegaard/hoardio/internal/report/report.go:149.2,149.119 1 31
github.com/jbrusegaard/hoardio/internal/report/report.go:150.3,151.1 1 1
github.com/jbrusegaard/hoardio/internal/report/report.go:153.2,153.96 1 30
github.com/jbrusegaard/hoardio/internal/report/report.go:154.3,155.1 1 3
github.com/jbrusegaard/hoardio/internal/report/report.go:157.2,157.50 1 27
github.com/jbrusegaard/hoardio/internal/report/report.go:158.3,159.1 1 20
github.com/jbrusegaard/hoardio/internal/report/report.go:161.2,161.32 1 7
github.com/jbrusegaard/hoardio/internal/report/report.go:165.2,165.75 1 35
github.com/jbrusegaard/hoardio/internal/report/report.go:166.3,167.1 1 1
github.com/jbrusegaard/hoardio/internal/report/report.go:169.2,169.172 1 34
github.com/jbrusegaard/hoardio/internal/report/report.go:170.3,171.1 1 1
github.com/jbrusegaard/hoardio/internal/report/report.go:173.2,173.25 1 33
github.com/jbrusegaard/hoardio/internal/report/report.go:174.3,174.72 1 0
github.com/jbrusegaard/hoardio/internal/report/report.go:175.4,176.1 1 0
github.com/jbrusegaard/hoardio/internal/report/report.go:179.2,179.52 1 33
github.com/jbrusegaard/hoardio/internal/report/report.go:180.3,181.1 1 1
github.com/jbrusegaard/hoardio/internal/report/report.go:183.2,183.33 1 32
github.com/jbrusegaard/hoardio/internal/report/report.go:184.3,185.1 1 29
github.com/jbrusegaard/hoardio/internal/report/report.go:187.2,187.12 1 3
github.com/jbrusegaard/hoardio/internal/report/report.go:191.2,191.94 1 27
github.com/jbrusegaard/hoardio/internal/report/report.go:192.3,193.1 1 1
github.com/jbrusegaard/hoardio/internal/report/report.go:195.2,196.74 2 26
github.com/jbrusegaard/hoardio/internal/report/report.go:197.3,198.1 1 0
github.com/jbrusegaard/hoardio/internal/report/report.go:200.2,200.67 1 26
github.com/jbrusegaard/hoardio/internal/report/report.go:201.3,201.137 1 48
github.com/jbrusegaard/hoardio/internal/report/report.go:202.4,203.1 1 0
github.com/jbrusegaard/hoardio/internal/report/report.go:206.2,206.35 1 26
github.com/jbrusegaard/hoardio/internal/report/report.go:207.3,208.1 1 19
github.com/jbrusegaard/hoardio/internal/report/report.go:210.2,210.12 1 7
github.com/jbrusegaard/hoardio/internal/report/report.go:214.2,214.26 1 7
github.com/jbrusegaard/hoardio/internal/report/report.go:215.3,216.1 1 3
github.com/jbrusegaard/hoardio/internal/report/report.go:218.2,218.108 1 4
github.com/jbrusegaard/hoardio/internal/report/report.go:219.3,220.1 1 1
github.com/jbrusegaard/hoardio/internal/report/report.go:222.2,222.31 1 3
github.com/jbrusegaard/hoardio/internal/report/report.go:223.3,223.85 1 3
github.com/jbrusegaard/hoardio/internal/report/report.go:224.4,225.1 1 1
github.com/jbrusegaard/hoardio/internal/report/report.go:228.2,228.12 1 2
github.com/jbrusegaard/hoardio/internal/report/report.go:232.2,232.16 1 58
github.com/jbrusegaard/hoardio/internal/report/report.go:233.3,234.1 1 1
github.com/jbrusegaard/hoardio/internal/report/report.go:236.2,236.31 1 57
github.com/jbrusegaard/hoardio/internal/report/report.go:237.3,237.28 1 83
github.com/jbrusegaard/hoardio/internal/report/report.go:238.4,238.12 1 1
github.com/jbrusegaard/hoardio/internal/report/report.go:241.3,242.16 2 82
github.com/jbrusegaard/hoardio/internal/report/report.go:243.4,244.1 1 81
github.com/jbrusegaard/hoardio/internal/report/report.go:246.3,247.13 2 82
github.com/jbrusegaard/hoardio/internal/report/report.go:248.4,249.1 1 53
github.com/jbrusegaard/hoardio/internal/report/report.go:251.3,251.124 1 82
github.com/jbrusegaard/hoardio/internal/report/report.go:252.4,253.1 1 3
github.com/jbrusegaard/hoardio/internal/report/report.go:255.3,255.12 1 79
github.com/jbrusegaard/hoardio/internal/report/report.go:256.4,256.79 1 28
github.com/jbrusegaard/hoardio/internal/report/report.go:257.5,258.1 1 1
github.com/jbrusegaard/hoardio/internal/report/report.go:262.2,262.12 1 53
github.com/jbrusegaard/hoardio/internal/report/report.go:266.2,267.1 2 31
github.com/jbrusegaard/hoardio/internal/report/report.go:268.2,268.26 2 31
github.com/jbrusegaard/hoardio/internal/report/report.go:269.3,269.29 1 64
github.com/jbrusegaard/hoardio/internal/report/report.go:270.4,271.1 1 58
github.com/jbrusegaard/hoardio/internal/report/report.go:274.2,274.45 1 31
github.com/jbrusegaard/hoardio/internal/report/report.go:274.47,274.93 1 29
github.com/jbrusegaard/hoardio/internal/report/report.go:276.2,276.19 1 31
github.com/jbrusegaard/hoardio/internal/report/report.go:277.3,278.1 1 1
github.com/jbrusegaard/hoardio/internal/report/report.go:280.2,280.13 1 31
github.com/jbrusegaard/hoardio/internal/report/report.go:298.2,299.20 2 3
github.com/jbrusegaard/hoardio/internal/report/report.go:300.3,301.1 1 1
github.com/jbrusegaard/hoardio/internal/report/report.go:303.2,303.31 1 3
github.com/jbrusegaard/hoardio/internal/report/report.go:304.3,305.1 1 1
github.com/jbrusegaard/hoardio/internal/report/report.go:307.2,309.1 3 3
github.com/jbrusegaard/hoardio/internal/report/report.go:310.2,310.40 3 3
github.com/jbrusegaard/hoardio/internal/report/report.go:311.3,312.1 1 1
github.com/jbrusegaard/hoardio/internal/report/report.go:314.2,314.12 1 2
github.com/jbrusegaard/hoardio/cmd/hoardio/main.go:31.2,33.1 4 2
github.com/jbrusegaard/hoardio/cmd/hoardio/main.go:34.2,35.15 4 2
github.com/jbrusegaard/hoardio/cmd/hoardio/main.go:36.3,37.1 1 2
github.com/jbrusegaard/hoardio/cmd/hoardio/main.go:39.2,39.16 1 2
github.com/jbrusegaard/hoardio/cmd/hoardio/main.go:40.3,41.1 1 2
github.com/jbrusegaard/hoardio/cmd/hoardio/main.go:43.2,44.1 6 2
github.com/jbrusegaard/hoardio/cmd/hoardio/main.go:45.2,47.1 6 2
github.com/jbrusegaard/hoardio/cmd/hoardio/main.go:48.2,50.46 6 2
github.com/jbrusegaard/hoardio/cmd/hoardio/main.go:50.48,50.96 1 0
github.com/jbrusegaard/hoardio/cmd/hoardio/main.go:52.2,52.12 1 2
github.com/jbrusegaard/hoardio/cmd/hoardio/main.go:53.3,54.17 2 2
github.com/jbrusegaard/hoardio/cmd/hoardio/main.go:55.4,57.1 2 0
github.com/jbrusegaard/hoardio/cmd/hoardio/main.go:59.3,60.79 2 2
github.com/jbrusegaard/hoardio/cmd/hoardio/main.go:63.2,64.1 3 2
github.com/jbrusegaard/hoardio/cmd/hoardio/main.go:65.2,66.1 3 2
github.com/jbrusegaard/hoardio/cmd/hoardio/main.go:67.2,67.16 3 2
github.com/jbrusegaard/hoardio/cmd/hoardio/main.go:68.3,69.1 1 0
github.com/jbrusegaard/hoardio/cmd/hoardio/main.go:71.2,71.12 1 2
github.com/jbrusegaard/hoardio/cmd/hoardio/main.go:80.41,80.71 1 2
github.com/jbrusegaard/hoardio/cmd/hoardio/main.go:83.2,85.1 2 2
github.com/jbrusegaard/hoardio/cmd/hoardio/main.go:90.2,90.30 1 0
github.com/jbrusegaard/hoardio/cmd/hoardio/main.go:91.3,93.1 2 0
github.com/jbrusegaard/hoardio/cmd/hoardio/main.go:97.2,97.30 1 2
github.com/jbrusegaard/hoardio/cmd/hoardio/main.go:98.3,99.1 1 1
github.com/jbrusegaard/hoardio/cmd/hoardio/main.go:101.2,101.10 1 1
github.com/jbrusegaard/hoardio/cmd/hoardio/main.go:115.2,127.1 5 0
github.com/jbrusegaard/hoardio/cmd/hoardio/main.go:128.2,129.1 5 0
github.com/jbrusegaard/hoardio/cmd/hoardio/main.go:130.2,132.1 5 0
github.com/jbrusegaard/hoardio/cmd/hoardio/main.go:133.2,133.14 5 0
github.com/jbrusegaard/hoardio/cmd/hoardio/main.go:134.3,136.1 2 0
github.com/jbrusegaard/hoardio/cmd/hoardio/main.go:138.2,139.16 2 0
github.com/jbrusegaard/hoardio/cmd/hoardio/main.go:140.3,141.1 1 0
github.com/jbrusegaard/hoardio/cmd/hoardio/main.go:143.2,144.16 2 0
github.com/jbrusegaard/hoardio/cmd/hoardio/main.go:145.3,146.1 1 0
github.com/jbrusegaard/hoardio/cmd/hoardio/main.go:148.2,149.1 3 0
github.com/jbrusegaard/hoardio/cmd/hoardio/main.go:150.2,151.12 3 0
github.com/jbrusegaard/hoardio/cmd/hoardio/main.go:152.3,152.58 1 0
github.com/jbrusegaard/hoardio/cmd/hoardio/main.go:153.4,154.1 1 0
github.com/jbrusegaard/hoardio/cmd/hoardio/main.go:156.3,156.13 1 0
github.com/jbrusegaard/hoardio/cmd/hoardio/main.go:159.2,160.1 2 0
github.com/jbrusegaard/hoardio/cmd/hoardio/main.go:161.2,161.36 2 0
github.com/jbrusegaard/hoardio/cmd/hoardio/main.go:165.2,170.1 5 0
github.com/jbrusegaard/hoardio/cmd/hoardio/main.go:175.2,176.16 2 3
github.com/jbrusegaard/hoardio/cmd/hoardio/main.go:177.3,178.17 2 1
github.com/jbrusegaard/hoardio/cmd/hoardio/main.go:179.4,180.1 1 0
github.com/jbrusegaard/hoardio/cmd/hoardio/main.go:182.3,182.14 1 1
github.com/jbrusegaard/hoardio/cmd/hoardio/main.go:185.2,185.30 1 3
github.com/jbrusegaard/hoardio/cmd/hoardio/main.go:186.3,187.1 1 1
github.com/jbrusegaard/hoardio/cmd/hoardio/main.go:189.2,190.16 2 2
github.com/jbrusegaard/hoardio/cmd/hoardio/main.go:191.3,192.1 1 0
github.com/jbrusegaard/hoardio/cmd/hoardio/main.go:194.2,194.18 1 2
github.com/jbrusegaard/hoardio/cmd/hoardio/main.go:199.2,201.1 3 0
github.com/jbrusegaard/hoardio/cmd/hoardio/main.go:202.2,202.57 3 0
github.com/jbrusegaard/hoardio/cmd/hoardio/main.go:203.3,204.1 1 0
github.com/jbrusegaard/hoardio/cmd/hoardio/main.go:206.2,207.1 3 0
github.com/jbrusegaard/hoardio/cmd/hoardio/main.go:208.2,209.16 3 0
github.com/jbrusegaard/hoardio/cmd/hoardio/main.go:210.3,211.1 1 0
github.com/jbrusegaard/hoardio/cmd/hoardio/main.go:213.2,214.1 2 0
github.com/jbrusegaard/hoardio/cmd/hoardio/main.go:215.2,215.61 2 0
github.com/jbrusegaard/hoardio/cmd/hoardio/main.go:221.2,221.53 1 5
github.com/jbrusegaard/hoardio/cmd/hoardio/main.go:223.3,224.1 1 1
github.com/jbrusegaard/hoardio/cmd/hoardio/main.go:226.2,227.1 2 5
github.com/jbrusegaard/hoardio/cmd/hoardio/main.go:228.2,228.13 2 5
github.com/jbrusegaard/hoardio/cmd/hoardio/main.go:229.3,229.51 1 2
github.com/jbrusegaard/hoardio/cmd/hoardio/main.go:230.4,231.1 1 1
github.com/jbrusegaard/hoardio/cmd/hoardio/main.go:233.3,233.13 1 1
github.com/jbrusegaard/hoardio/cmd/hoardio/main.go:236.2,237.56 2 3
github.com/jbrusegaard/hoardio/cmd/hoardio/main.go:238.3,239.1 1 1
github.com/jbrusegaard/hoardio/cmd/hoardio/main.go:241.2,241.20 1 2
github.com/jbrusegaard/hoardio/cmd/hoardio/main.go:243.3,244.1 1 1
github.com/jbrusegaard/hoardio/cmd/hoardio/main.go:246.2,246.12 1 2
github.com/jbrusegaard/hoardio/cmd/hoardio/main.go:250.2,251.16 2 2
github.com/jbrusegaard/hoardio/cmd/hoardio/main.go:252.3,253.1 1 0
github.com/jbrusegaard/hoardio/cmd/hoardio/main.go:255.2,255.43 1 2
github.com/jbrusegaard/hoardio/cmd/hoardio/main.go:262.2,263.25 2 10
github.com/jbrusegaard/hoardio/cmd/hoardio/main.go:264.3,265.1 1 2
github.com/jbrusegaard/hoardio/cmd/hoardio/main.go:267.2,268.59 2 8
github.com/jbrusegaard/hoardio/cmd/hoardio/main.go:269.3,271.1 2 5
github.com/jbrusegaard/hoardio/cmd/hoardio/main.go:273.2,274.25 2 8
github.com/jbrusegaard/hoardio/cmd/hoardio/main.go:275.3,276.1 1 3
github.com/jbrusegaard/hoardio/cmd/hoardio/main.go:278.2,278.38 1 5
github.com/jbrusegaard/hoardio/internal/scanner/fsutil.go:11.29,11.63 1 1
github.com/jbrusegaard/hoardio/internal/scanner/fsutil.go:16.2,18.1 2 1167
github.com/jbrusegaard/hoardio/internal/scanner/fsutil.go:24.2,24.35 1 494
github.com/jbrusegaard/hoardio/internal/scanner/fsutil.go:25.3,26.1 1 493
github.com/jbrusegaard/hoardio/internal/scanner/fsutil.go:28.2,28.10 1 1
github.com/jbrusegaard/hoardio/internal/scanner/fsutil.go:32.2,32.35 1 224
github.com/jbrusegaard/hoardio/internal/scanner/fsutil.go:33.3,34.1 1 223
github.com/jbrusegaard/hoardio/internal/scanner/fsutil.go:36.2,36.10 1 1
github.com/jbrusegaard/hoardio/internal/scanner/fsutil.go:42.2,42.35 1 226
github.com/jbrusegaard/hoardio/internal/scanner/fsutil.go:43.3,44.1 1 225
github.com/jbrusegaard/hoardio/internal/scanner/fsutil.go:46.2,46.20 1 1
github.com/jbrusegaard/hoardio/internal/scanner/fsutil.go:60.38,60.92 1 7
github.com/jbrusegaard/hoardio/internal/scanner/fsutil.go:64.2,64.14 1 223
github.com/jbrusegaard/hoardio/internal/scanner/fsutil.go:65.3,66.1 1 0
github.com/jbrusegaard/hoardio/internal/scanner/fsutil.go:68.2,69.1 4 223
github.com/jbrusegaard/hoardio/internal/scanner/fsutil.go:70.2,72.1 4 223
github.com/jbrusegaard/hoardio/internal/scanner/fsutil.go:73.2,73.29 4 223
github.com/jbrusegaard/hoardio/internal/scanner/fsutil.go:74.3,75.1 1 1
github.com/jbrusegaard/hoardio/internal/scanner/fsutil.go:77.2,78.1 2 222
github.com/jbrusegaard/hoardio/internal/scanner/fsutil.go:79.2,79.14 2 222
github.com/jbrusegaard/hoardio/internal/scanner/fsutil.go:84.2,85.1 2 10
github.com/jbrusegaard/hoardio/internal/scanner/fsutil.go:86.2,86.29 2 10
github.com/jbrusegaard/hoardio/internal/scanner/fsutil.go:87.3,87.51 1 7
github.com/jbrusegaard/hoardio/internal/scanner/fsutil.go:88.4,88.56 1 1
github.com/jbrusegaard/hoardio/internal/scanner/fsutil.go:89.5,90.1 1 1
github.com/jbrusegaard/hoardio/internal/scanner/fsutil.go:94.2,94.12 1 10
github.com/jbrusegaard/hoardio/internal/scanner/fsutil.go:104.2,105.42 2 8
github.com/jbrusegaard/hoardio/internal/scanner/fsutil.go:106.3,107.1 1 0
github.com/jbrusegaard/hoardio/internal/scanner/fsutil.go:109.2,110.1 2 8
github.com/jbrusegaard/hoardio/internal/scanner/fsutil.go:111.2,111.29 2 8
github.com/jbrusegaard/hoardio/internal/scanner/fsutil.go:112.3,112.14 1 4
github.com/jbrusegaard/hoardio/internal/scanner/fsutil.go:113.4,114.1 1 4
github.com/jbrusegaard/hoardio/internal/scanner/fsutil.go:117.2,117.10 1 8
github.com/jbrusegaard/hoardio/internal/scanner/fsutil.go:121.2,121.31 1 266
github.com/jbrusegaard/hoardio/internal/scanner/fsutil.go:122.3,122.43 1 8
github.com/jbrusegaard/hoardio/internal/scanner/fsutil.go:123.4,124.1 1 3
github.com/jbrusegaard/hoardio/internal/scanner/fsutil.go:126.3,126.43 1 5
github.com/jbrusegaard/hoardio/internal/scanner/fsutil.go:127.4,128.1 1 1
github.com/jbrusegaard/hoardio/internal/scanner/fsutil.go:131.2,131.14 1 262
github.com/jbrusegaard/hoardio/internal/scanner/queue.go:19.2,21.1 3 7
github.com/jbrusegaard/hoardio/internal/scanner/queue.go:22.2,23.1 3 7
github.com/jbrusegaard/hoardio/internal/scanner/queue.go:28.2,33.1 5 261
github.com/jbrusegaard/hoardio/internal/scanner/queue.go:37.2,39.1 3 286
github.com/jbrusegaard/hoardio/internal/scanner/queue.go:40.2,40.37 3 286
github.com/jbrusegaard/hoardio/internal/scanner/queue.go:41.3,42.1 1 12
github.com/jbrusegaard/hoardio/internal/scanner/queue.go:44.2,44.23 1 286
github.com/jbrusegaard/hoardio/internal/scanner/queue.go:45.3,46.1 1 18
github.com/jbrusegaard/hoardio/internal/scanner/queue.go:48.2,51.1 4 268
github.com/jbrusegaard/hoardio/internal/scanner/queue.go:52.2,52.16 4 268
github.com/jbrusegaard/hoardio/internal/scanner/queue.go:58.2,59.1 3 268
github.com/jbrusegaard/hoardio/internal/scanner/queue.go:60.2,61.20 3 268
github.com/jbrusegaard/hoardio/internal/scanner/queue.go:62.3,64.1 2 7
github.com/jbrusegaard/hoardio/internal/scanner/queue.go:65.2,65.15 1 268
github.com/jbrusegaard/hoardio/internal/scanner/scanner.go:89.2,90.16 2 7
github.com/jbrusegaard/hoardio/internal/scanner/scanner.go:91.3,92.1 1 0
github.com/jbrusegaard/hoardio/internal/scanner/scanner.go:94.2,94.19 1 7
github.com/jbrusegaard/hoardio/internal/scanner/scanner.go:95.3,96.1 1 0
github.com/jbrusegaard/hoardio/internal/scanner/scanner.go:98.2,105.1 11 7
github.com/jbrusegaard/hoardio/internal/scanner/scanner.go:107.2,108.1 11 7
github.com/jbrusegaard/hoardio/internal/scanner/scanner.go:109.2,110.1 11 7
github.com/jbrusegaard/hoardio/internal/scanner/scanner.go:111.2,115.1 11 7
github.com/jbrusegaard/hoardio/internal/scanner/scanner.go:116.2,118.1 11 7
github.com/jbrusegaard/hoardio/internal/scanner/scanner.go:119.2,120.17 11 7
github.com/jbrusegaard/hoardio/internal/scanner/scanner.go:121.3,122.1 1 0
github.com/jbrusegaard/hoardio/internal/scanner/scanner.go:124.2,124.56 1 7
github.com/jbrusegaard/hoardio/internal/scanner/scanner.go:125.3,127.1 3 1
github.com/jbrusegaard/hoardio/internal/scanner/scanner.go:128.3,128.21 3 1
github.com/jbrusegaard/hoardio/internal/scanner/scanner.go:129.4,131.1 2 0
github.com/jbrusegaard/hoardio/internal/scanner/scanner.go:133.3,133.72 1 1
github.com/jbrusegaard/hoardio/internal/scanner/scanner.go:136.2,138.1 4 7
github.com/jbrusegaard/hoardio/internal/scanner/scanner.go:139.2,140.40 4 7
github.com/jbrusegaard/hoardio/internal/scanner/scanner.go:141.3,142.1 1 1
github.com/jbrusegaard/hoardio/internal/scanner/scanner.go:144.2,144.17 1 7
github.com/jbrusegaard/hoardio/internal/scanner/scanner.go:149.2,150.1 3 7
github.com/jbrusegaard/hoardio/internal/scanner/scanner.go:151.2,152.1 3 7
github.com/jbrusegaard/hoardio/internal/scanner/scanner.go:153.2,153.12 3 7
github.com/jbrusegaard/hoardio/internal/scanner/scanner.go:154.3,155.1 2 7
github.com/jbrusegaard/hoardio/internal/scanner/scanner.go:156.3,156.24 2 7
github.com/jbrusegaard/hoardio/internal/scanner/scanner.go:157.4,158.1 3 222
github.com/jbrusegaard/hoardio/internal/scanner/scanner.go:159.4,160.1 3 222
github.com/jbrusegaard/hoardio/internal/scanner/scanner.go:161.4,162.1 3 222
github.com/jbrusegaard/hoardio/internal/scanner/scanner.go:165.2,165.16 1 7
github.com/jbrusegaard/hoardio/internal/scanner/scanner.go:170.2,171.1 2 7
github.com/jbrusegaard/hoardio/internal/scanner/scanner.go:172.2,172.20 2 7
github.com/jbrusegaard/hoardio/internal/scanner/scanner.go:173.3,174.1 2 18
github.com/jbrusegaard/hoardio/internal/scanner/scanner.go:175.3,175.13 2 18
github.com/jbrusegaard/hoardio/internal/scanner/scanner.go:176.4,177.1 2 18
github.com/jbrusegaard/hoardio/internal/scanner/scanner.go:178.4,179.1 2 18
github.com/jbrusegaard/hoardio/internal/scanner/scanner.go:182.2,183.14 2 7
github.com/jbrusegaard/hoardio/internal/scanner/scanner.go:188.2,188.6 1 18
github.com/jbrusegaard/hoardio/internal/scanner/scanner.go:189.3,190.10 2 286
github.com/jbrusegaard/hoardio/internal/scanner/scanner.go:191.4,192.1 1 18
github.com/jbrusegaard/hoardio/internal/scanner/scanner.go:194.3,194.35 1 268
github.com/jbrusegaard/hoardio/internal/scanner/scanner.go:195.4,196.1 1 1
github.com/jbrusegaard/hoardio/internal/scanner/scanner.go:198.3,198.16 1 268
github.com/jbrusegaard/hoardio/internal/scanner/scanner.go:204.2,204.9 1 268
github.com/jbrusegaard/hoardio/internal/scanner/scanner.go:206.3,206.13 1 1
github.com/jbrusegaard/hoardio/internal/scanner/scanner.go:207.10,207.10 0 267
github.com/jbrusegaard/hoardio/internal/scanner/scanner.go:210.2,211.16 2 267
github.com/jbrusegaard/hoardio/internal/scanner/scanner.go:212.3,213.1 1 1
github.com/jbrusegaard/hoardio/internal/scanner/scanner.go:215.2,216.1 2 266
github.com/jbrusegaard/hoardio/internal/scanner/scanner.go:217.2,217.28 2 266
github.com/jbrusegaard/hoardio/internal/scanner/scanner.go:218.3,219.1 1 488
github.com/jbrusegaard/hoardio/internal/scanner/scanner.go:221.2,221.12 1 266
github.com/jbrusegaard/hoardio/internal/scanner/scanner.go:226.2,226.9 1 488
github.com/jbrusegaard/hoardio/internal/scanner/scanner.go:228.3,228.22 1 263
github.com/jbrusegaard/hoardio/internal/scanner/scanner.go:230.3,230.23 1 223
github.com/jbrusegaard/hoardio/internal/scanner/scanner.go:234.3,234.19 1 2
github.com/jbrusegaard/hoardio/internal/scanner/scanner.go:239.2,240.16 2 263
github.com/jbrusegaard/hoardio/internal/scanner/scanner.go:241.3,243.1 2 0
github.com/jbrusegaard/hoardio/internal/scanner/scanner.go:245.2,246.69 2 263
github.com/jbrusegaard/hoardio/internal/scanner/scanner.go:247.3,249.1 2 2
github.com/jbrusegaard/hoardio/internal/scanner/scanner.go:251.2,251.41 1 261
github.com/jbrusegaard/hoardio/internal/scanner/scanner.go:255.2,256.16 2 223
github.com/jbrusegaard/hoardio/internal/scanner/scanner.go:257.3,259.1 2 0
github.com/jbrusegaard/hoardio/internal/scanner/scanner.go:261.2,261.67 1 223
github.com/jbrusegaard/hoardio/internal/scanner/scanner.go:262.3,263.1 1 1
github.com/jbrusegaard/hoardio/internal/scanner/scanner.go:265.2,266.1 4 222
github.com/jbrusegaard/hoardio/internal/scanner/scanner.go:267.2,269.1 4 222
github.com/jbrusegaard/hoardio/internal/scanner/scanner.go:270.2,275.1 4 222
github.com/jbrusegaard/hoardio/internal/scanner/scanner.go:279.2,285.1 1 10
github.com/jbrusegaard/hoardio/internal/scanner/scanner.go:289.2,289.27 1 10
github.com/jbrusegaard/hoardio/internal/scanner/scanner.go:290.3,290.17 1 9
github.com/jbrusegaard/hoardio/internal/scanner/scanner.go:290.18,290.18 0 9
github.com/jbrusegaard/hoardio/internal/scanner/scanner.go:293.2,293.16 1 1
github.com/jbrusegaard/hoardio/internal/scanner/scanner.go:294.3,295.1 1 0
github.com/jbrusegaard/hoardio/internal/scanner/scanner.go:297.2,299.1 4 1
github.com/jbrusegaard/hoardio/internal/scanner/scanner.go:300.2,301.1 4 1
github.com/jbrusegaard/hoardio/internal/scanner/scanner.go:302.2,302.12 4 1
github.com/jbrusegaard/hoardio/internal/scanner/scanner.go:303.3,304.1 4 1
github.com/jbrusegaard/hoardio/internal/scanner/scanner.go:305.3,307.1 4 1
github.com/jbrusegaard/hoardio/internal/scanner/scanner.go:308.3,308.7 4 1
github.com/jbrusegaard/hoardio/internal/scanner/scanner.go:309.4,309.11 1 3
github.com/jbrusegaard/hoardio/internal/scanner/scanner.go:311.5,311.11 1 0
github.com/jbrusegaard/hoardio/internal/scanner/scanner.go:313.5,313.11 1 1
github.com/jbrusegaard/hoardio/internal/scanner/scanner.go:315.5,315.27 1 2
github.com/jbrusegaard/hoardio/internal/scanner/scanner.go:320.2,320.16 1 1
github.com/jbrusegaard/hoardio/internal/scanner/scanner.go:321.3,321.18 1 1
github.com/jbrusegaard/hoardio/internal/scanner/scanner.go:321.20,321.33 1 1
github.com/jbrusegaard/hoardio/internal/scanner/scanner.go:322.3,323.1 2 1
github.com/jbrusegaard/hoardio/internal/scanner/scanner.go:324.3,324.15 2 1
github.com/jbrusegaard/hoardio/internal/scanner/scanner.go:326.4,327.1 1 1
github.com/jbrusegaard/hoardio/internal/scanner/scanner.go:332.2,332.15 1 4
github.com/jbrusegaard/hoardio/internal/scanner/scanner.go:333.3,334.1 1 3
github.com/jbrusegaard/hoardio/internal/scanner/scanner.go:336.2,336.14 1 4
github.com/jbrusegaard/hoardio/internal/scanner/scanner.go:338.3,340.1 1 3
github.com/jbrusegaard/hoardio/internal/scanner/scanner.go:345.2,346.23 2 8
github.com/jbrusegaard/hoardio/internal/scanner/scanner.go:347.3,348.1 1 4
github.com/jbrusegaard/hoardio/internal/scanner/scanner.go:350.2,351.42 2 4
github.com/jbrusegaard/hoardio/internal/scanner/scanner.go:352.3,354.1 2 2
github.com/jbrusegaard/hoardio/internal/scanner/scanner.go:356.2,356.73 1 4
